
Attaching package: ‘lattice’

The following objects are masked from ‘package:flexclust’:

    barchart, bwplot, densityplot, histogram


 *** caught illegal operation ***
address 0x148195a4883b, cause 'illegal operand'

Traceback:
 1: dyn.load(file, DLLpath = DLLpath, ...)
 2: library.dynam(lib, package, package.lib)
 3: loadNamespace(x)
 4: colour_ramp(grDevices::hcl.colors(n, palette = name))
 5: register_hcl_pals()
 6: init_palettes()
 7: callback()
 8: run_on_load()
 9: fun(libname, pkgname)
10: doTryCatch(return(expr), name, parentenv, handler)
11: tryCatchOne(expr, names, parentenv, handlers[[1L]])
12: tryCatchList(expr, classes, parentenv, handlers)
13: tryCatch(fun(libname, pkgname), error = identity)
14: runHook(".onLoad", env, package.lib, package)
15: loadNamespace(i, c(lib.loc, .libPaths()), versionCheck = vI[[i]])
16: namespaceImport(ns, loadNamespace(i, c(lib.loc, .libPaths()),     versionCheck = vI[[i]]), from = package)
17: loadNamespace(i, c(lib.loc, .libPaths()), versionCheck = vI[[i]])
18: namespaceImport(ns, loadNamespace(i, c(lib.loc, .libPaths()),     versionCheck = vI[[i]]), from = package)
19: loadNamespace(package, lib.loc)
20: doTryCatch(return(expr), name, parentenv, handler)
21: tryCatchOne(expr, names, parentenv, handlers[[1L]])
22: tryCatchList(expr, classes, parentenv, handlers)
23: tryCatch({    attr(package, "LibPath") <- which.lib.loc    ns <- loadNamespace(package, lib.loc)    env <- attachNamespace(ns, pos = pos, deps, exclude, include.only)}, error = function(e) {    P <- if (!is.null(cc <- conditionCall(e)))         paste(" in", deparse(cc)[1L])    else ""    msg <- gettextf("package or namespace load failed for %s%s:\n %s",         sQuote(package), P, conditionMessage(e))    if (logical.return && !quietly)         message(paste("Error:", msg), domain = NA)    else stop(msg, call. = FALSE, domain = NA)})
24: library(biclust)
25: eval(ei, envir)
26: eval(ei, envir)
27: withVisible(eval(ei, envir))
28: source("SimStudy/OtherMethods/biclust_funcs.r")
An irrecoverable exception occurred. R is aborting now ...
/var/spool/pbs/mom_priv/jobs/572983.pbs-7.SC: line 33: 1354378 Illegal instruction     (core dumped) Rscript --vanilla RealData/3sources/3sources_other_results.r
